Script started on Sat 10 Aug 2019 05:37:50 AM UTC
]0;root@otuslinux:/home/vagrant[?1034h[root@otuslinux vagrant]# mdadm /dev/md0 --fail /dev_[K/sdc
mdadm: set /dev/sdc faulty in /dev/md0
]0;root@otuslinux:/home/vagrant[root@otuslinux vagrant]# mdadm /dev/md0 --fail /dev/sdc[C[C[1P /dev/sdc[1P /dev/sdc[1P /dev/sdc[1P /dev/sdcr /dev/sdce /dev/sdcm /dev/sdco /dev/sdcv /dev/sdce /dev/sdc
mdadm: hot removed /dev/sdc from /dev/md0
]0;root@otuslinux:/home/vagrant[root@otuslinux vagrant]# cat /proc/mdstat
Personalities : [raid10] 
md0 : active raid10 sde[5] sdd[2] sdb[0]
      507904 blocks super 1.2 512K chunks 2 near-copies [4/3] [U_UU]
      
unused devices: <none>
]0;root@otuslinux:/home/vagrant[root@otuslinux vagrant]# ,[Kmdadm -D /dev/md0
/dev/md0:
           Version : 1.2
     Creation Time : Sat Aug 10 04:57:50 2019
        Raid Level : raid10
        Array Size : 507904 (496.00 MiB 520.09 MB)
     Used Dev Size : 253952 (248.00 MiB 260.05 MB)
      Raid Devices : 4
     Total Devices : 3
       Persistence : Superblock is persistent

       Update Time : Sat Aug 10 05:38:48 2019
             State : clean, degraded 
    Active Devices : 3
   Working Devices : 3
    Failed Devices : 0
     Spare Devices : 0

            Layout : near=2
        Chunk Size : 512K

Consistency Policy : resync

              Name : otuslinux:0  (local to host otuslinux)
              UUID : bb32e200:1341948c:b7038a11:ca070292
            Events : 86

    Number   Major   Minor   RaidDevice State
       0       8       16        0      active sync set-A   /dev/sdb
       -       0        0        1      removed
       2       8       48        2      active sync set-A   /dev/sdd
       5       8       64        3      active sync set-B   /dev/sde
]0;root@otuslinux:/home/vagrant[root@otuslinux vagrant]# mdadm -D /dev/md0[1Pcat /proc/mdstatmdadm /dev/md0 --remove /dev/sdc[C[1P /dev/sdc[1P /dev/sdc[1P /dev/sdc[1P /dev/sdc[1P /dev/sdc[1P /dev/sdca /dev/sdcd /dev/sdcd /dev/sdc
mdadm: added /dev/sdc
]0;root@otuslinux:/home/vagrant[root@otuslinux vagrant]# mdadm /dev/md0 --add /dev/sdc[12P-D /dev/md0[1Pcat /proc/mdstat
Personalities : [raid10] 
md0 : active raid10 sdc[4] sde[5] sdd[2] sdb[0]
      507904 blocks super 1.2 512K chunks 2 near-copies [4/4] [UUUU]
      
unused devices: <none>
]0;root@otuslinux:/home/vagrant[root@otuslinux vagrant]# vim s[K
.bash_history           files.tar.bz2           mdstat                  raid_fail
.bash_logout            lsblk                   mdstat_fail             .ssh/
.bash_profile           md0_add                 raid                    .viminfo
.bashrc                 md0_remove              raid_10_remove_add_hdd  
[root@otuslinux vagrant]# vim raid_10_remove_add_hdd 
[?1049h[?1h=[2;1Hâ–½[6n[1;1H  [1;1H[1;43r[?12;25h[?12l[?25h[27m[m[H[2J[?25l[43;1H"raid_10_remove_add_hdd" 0L, 0C[>c[2;1H[94m~                                                                                                              [3;1H~                                                                                                              [4;1H~                                                                                                              [5;1H~                                                                                                              [6;1H~                                                                                                              [7;1H~                                                                                                              [8;1H~                                                                                                              [9;1H~                                                                                                              [10;1H~                                                                                                              [11;1H~                                                                                                              [12;1H~                                                                                                              [13;1H~                                                                                                              [14;1H~                                                                                                              [15;1H~                                                                                                              [16;1H~                                                                                                              [17;1H~                                                                                                              [18;1H~                                                                                                              [19;1H~                                                                                                              [20;1H~                                                                                                              [21;1H~                                                                                                              [22;1H~                                                                                                              [23;1H~                                                                                                              [24;1H~                                                                                                              [25;1H~                                                                                                              [26;1H~                                                                                                              [27;1H~                                                                                                              [28;1H~                                                                                                              [29;1H~                                                                                                              [30;1H~                                                                                                              [31;1H~                                                                                                              [32;1H~                                                                                                              [33;1H~                                                                                                              [34;1H~                                                                                                              [35;1H~                                                                                                              [36;1H~                                                                                                              [37;1H~                                                                                                              [38;1H~                                                                                                              [39;1H~                                                                                                              [40;1H~                                                                                                              [41;1H~                                                                                                              [42;1H~                                                                                                              [m[43;94H0,0-1[9CAll[1;1H[?12l[?25hP+q436f\P+q6b75\P+q6b64\P+q6b72\P+q6b6c\P+q2332\P+q2334\P+q2569\P+q2a37\P+q6b31\[?25l[43;1H[K[43;1H:[?12l[?25hq[?25l[?12l[?25h[?25l[43;1H[K[43;1H[?1l>[?12l[?25h[?1049l]0;root@otuslinux:/home/vagrant[root@otuslinux vagrant]# 
]0;root@otuslinux:/home/vagrant[root@otuslinux vagrant]# 
]0;root@otuslinux:/home/vagrant[root@otuslinux vagrant]# 
]0;root@otuslinux:/home/vagrant[root@otuslinux vagrant]# 
]0;root@otuslinux:/home/vagrant[root@otuslinux vagrant]# vim raid_10_remove_add_hdd [11Pcat /proc/mdstatmdadm /dev/md0 --add /dev/sdc[12P-D /dev/md0[1Pcat /proc/mdstatmdadm /dev/md0 --remove /dev/sdc[2Pfail[C[C[C[C[C[C[C[C[C[C[C[C[C[C[C[C[C[C[C[C[C[C[C[C[C[C[C[C[C[C[C[C[C[C[C[19Ppasswd rootvagrant[3Prootmdadm /dev/md0 --fail /dev/sdc[2@remove[C[C[C[C[C[C[C[C[C[C[C[C[C[C[C[C[C[C[C[C[C[C[C[C[C[C[C[C[C[C[C[C[C[C[C[16Pcat /proc/mdstatmdadm -D /dev/md0/dev/md0 --add /dev/sdc[C[C[C[C[C[C[C[C[C[C[C[C[C[C[C[C[C[C[C[C[C[C[C[C[C[C[13Pcat /proc/mdstatvim raid_10_remove_add_hdd [Kvim raid_10_remove_add_hdd [11Pcat /proc/mdstatmdadm /dev/md0 --add /dev/sdc[12P-D /dev/md0[1Pcat /proc/mdstatmdadm /dev/md0 --remove /dev/sdc[2Pfail[C[C[C[C[C[C[C[C[C[C[C[C[C[C[C[C[C[C[C[C[C[C[C[C[C[C[C[C[C[C[C[C[C[C[C[19Ppasswd rootvagrantll[Kmctar cfvj files.tar.bz2 /home/vagrant/*[C[C[C[C[C[C[C[C[C[C[C[C[C[C[C[C[C[C[C[C[C[C[C[C[C[Cmc[K[K[Kscro[Kipt
Script started, file is typescript
]0;root@otuslinux:/home/vagrant[?1034h[root@otuslinux vagrant]# passwd root[K[K[K[K[K[K[K[K[K[K[Kpasswd vagrantll[Kmc[K[Kvm [K[Kim raid_10_remove_add_hdd [K
[?1049h[?1h=[2;1Hâ–½[6n[1;1H  [1;1H[1;43r[?12;25h[?12l[?25h[27m[m[H[2J[?25l[43;1H"raid_10_remove_add_hdd" [noeol] 58L, 8192C[>c[1;1HScript started on Sat 10 Aug 2019 05:37:50 AM UTC
[34m^[[m]0;root@otuslinux:/home/vagrant[34m^G^[[m[?1034h[root@otuslinux vagrant]# mdadm /dev/md0 --fail /dev_[34m^H^[[m[K/sdc[34m^M[m
mdadm: set /dev/sdc faulty in /dev/md0[34m^M
^[[m]0;root@otuslinux:/home/vagrant[34m^G[m[root@otuslinux vagrant]# mdadm /dev/md0 --fail /dev/sdc[34m^H^H^H^H^H^H^H^H^H^HH[5;1H^H^[[m[C[34m^[[m[C[34m^H^[[m[1P /dev/sdc[34m^H^H^H^H^H^H^H^H^H^H^[[m[1P /dev/sdc[34m^H^H^H^H^H^H^H^H^H^H^[[m[1P /dev/sdc[34m^H^H^H^H^H^H^H^H^^[6;1HH^H^[[m[1P /dev/sdc[34m^H^H^H^H^H^H^H^H^H[mr /dev/sdc[34m^H^H^H^H^H^H^H^H^H[me /dev/sdc[34m^H^H^H^H^H^H^H^H^H[mm /dev/sdc[34m^H^H^H^H^HH[7;1H^H^H^H^H[mo /dev/sdc[34m^H^H^H^H^H^H^H^H^H[mv /dev/sdc[34m^H^H^H^H^H^H^H^H^H[me /dev/sdc[34m^H^H^H^H^H^H^H^H^H^M[m
mdadm: hot removed /dev/sdc from /dev/md0[34m^M
^[[m]0;root@otuslinux:/home/vagrant[34m^G[m[root@otuslinux vagrant]# cat /proc/mdstat[34m^M[m
Personalities : [raid10] [34m^M[m
md0 : active raid10 sde[5] sdd[2] sdb[0][34m^M[m[12;7H507904 blocks super 1.2 512K chunks 2 near-copies [4/3] [U_UU][34m^M[13;7H^M[m
unused devices: <none>[34m^M
^[[m]0;root@otuslinux:/home/vagrant[34m^G[m[root@otuslinux vagrant]# ,[34m^H^[[m[Kmdadm -D /dev/md0[34m^M[m
/dev/md0:[34m^M[m[17;12HVersion : 1.2[34m^M[m[18;6HCreation Time : Sat Aug 10 04:57:50 2019[34m^M[m[19;9HRaid Level : raid10[34m^M[m[20;9HArray Size : 507904 (496.00 MiB 520.09 MB)[34m^M[m[21;6HUsed Dev Size : 253952 (248.00 MiB 260.05 MB)[34m^M[m[22;7HRaid Devices : 4[34m^M[m[23;6HTotal Devices : 3[34m^M[m[24;8HPersistence : Superblock is persistent[34m^M
^M[m[26;8HUpdate Time : Sat Aug 10 05:38:48 2019[34m^M[m[27;14HState : clean, degraded [34m^M[m
    Active Devices : 3[34m^M[m
   Working Devices : 3[34m^M[m
    Failed Devices : 0[34m^M[m[31;6HSpare Devices : 0[34m^M
^M[m[33;13HLayout : near=2[34m^M[m[34;9HChunk Size : 512K[34m^M
^M[m
Consistency Policy : resync[34m^M
^M[m[38;15HName : otuslinux:0  (local to host otuslinux)[34m^M[m[39;15HUUID : bb32e200:1341948c:b7038a11:ca070292[34m^M[m[40;13HEvents : 86[34m^M
^M[m
    Number   Major   Minor   RaidDevice State[34m^M[m[43;94H1,1[11CTop[1;1H[?12l[?25hP+q436f\P+q6b75\P+q6b64\P+q6b72\P+q6b6c\P+q2332\P+q2334\P+q2569\P+q2a37\P+q6b31\[?25l[43;94H2[2;1H[?12l[?25h[?25l[43;94H3[3;1H[?12l[?25h[?25l[43;94H4[4;1H[?12l[?25h[?25l[43;94H5[8;1H[?12l[?25h[?25l[43;94H6[9;1H[?12l[?25h[?25l[43;94H7[10;1H[?12l[?25h[?25l[43;94H8[11;1H[?12l[?25h[?25l[43;94H9[12;1H[?12l[?25h[?25l[43;94H10,1[13;1H[?12l[?25h[?25l[43;95H1[14;1H[?12l[?25h[?25l[43;95H2[15;1H[?12l[?25h[?25l[43;95H3[16;1H[?12l[?25h[?25l[43;95H4[17;1H[?12l[?25h[?25l[43;95H5[18;1H[?12l[?25h[?25l[43;95H6[19;1H[?12l[?25h[?25l[43;95H7[20;1H[?12l[?25h[?25l[43;95H8[21;1H[?12l[?25h[?25l[43;95H9[22;1H[?12l[?25h[?25l[43;94H20[23;1H[?12l[?25h[?25l[43;95H1[24;1H[?12l[?25h[?25l[43;95H2[25;1H[?12l[?25h[?25l[43;95H3[26;1H[?12l[?25h[?25l[43;95H4[27;1H[?12l[?25h[?25l[43;95H5[28;1H[?12l[?25h[?25l[43;95H6[29;1H[?12l[?25h[?25l[43;95H7[30;1H[?12l[?25h[?25l[43;95H8[31;1H[?12l[?25h[?25l[43;95H9[32;1H[?12l[?25h[?25l[43;94H30[33;1H[?12l[?25h[?25l[43;95H1[34;1H[?12l[?25h[?25l[43;95H2[35;1H[?12l[?25h[?25l[43;95H3[36;1H[?12l[?25h[?25l[43;95H4[37;1H[?12l[?25h[?25l[43;95H5[38;1H[?12l[?25h[?25l[43;95H6[39;1H[?12l[?25h[?25l[43;95H7[40;1H[?12l[?25h[?25l[43;95H8[41;1H[?12l[?25h[?25l[43;95H9[42;1H[?12l[?25h[?25l[1;42r[42;1H
[1;43r[42;8H0[7C8[7C16[8C0      active sync set-A   /dev/sdb[34m^M[m[43;1H[K[43;94H40,1[11C5%[42;1H[?12l[?25h[?25l[1;42r[42;1H
[1;43r[42;8H-[7C0[8C0[8C1      removed[34m^M[m[43;94H[K[43;94H41,1[10C10%[42;1H[?12l[?25h[?25l[1;42r[42;1H
[1;43r[42;8H2[7C8[7C48[8C2      active sync set-A   /dev/sdd[34m^M[m[43;94H[K[43;94H42,1[10C15%[42;1H[?12l[?25h[?25l[1;42r[1;1H[4M[1;43r[39;8H5[7C8[7C64[8C3      active sync set-B   /dev/sde[34m^M
^[[m]0;root@otuslinux:/home/vagrant[34m^G[m[root@otuslinux vagrant]# mdadm -D /dev/md0[34m^H^H^H^H^H^H^H^H^H^H^H^H^H^H^H^H^^[41;1HH^[[m[1Pcat /proc/mdstat[34m^H^H^H^H^H^H^H^H^H^H^H^H^H^H^H^H[mmdadm /dev/md0 --remove /dev/sdc[34m^H^H^H^H^H^H^H^H^H^H^[[m[C[34m^^[42;1HH^[[m[1P /dev/sdc[34m^H^H^H^H^H^H^H^H^H^H^[[m[1P /dev/sdc[34m^H^H^H^H^H^H^H^H^H^H^[[m[1P /dev/sdc[34m^H^H^H^H^H^H^H^H^H^H^[[m[1P /d[40;1H[94m@                                                                                                              [41;1H@                                                                                                              [42;1H@                                                                                                              [m[43;94H[K[43;94H43,1[10C21%[39;1H[?12l[?25h[?25l[1;42r[1;1H[2M[1;43r[38;1H[34m^[[m]0;root@otuslinux:/home/vagrant[34m^G[m[root@otuslinux vagrant]# mdadm -D /dev/md0[34m^H^H^H^H^H^H^H^H^H^H^H^H^H^H^H^H^^[39;1HH^[[m[1Pcat /proc/mdstat[34m^H^H^H^H^H^H^H^H^H^H^H^H^H^H^H^H[mmdadm /dev/md0 --remove /dev/sdc[34m^H^H^H^H^H^H^H^H^H^H^[[m[C[34m^^[40;1HH^[[m[1P /dev/sdc[34m^H^H^H^H^H^H^H^H^H^H^[[m[1P /dev/sdc[34m^H^H^H^H^H^H^H^H^H^H^[[m[1P /dev/sdc[34m^H^H^H^H^H^H^H^H^H^H^[[m[1P /dd[41;1Hev/sdc[34m^H^H^H^H^H^H^H^H^H^H^[[m[1P /dev/sdc[34m^H^H^H^H^H^H^H^H^H^H^[[m[1P /dev/sdc[34m^H^H^H^H^H^H^H^H^H[ma /dev/sdc[34m^H^H^H^H^^[42;1HH^H^H^H^H[md /dev/sdc[34m^H^H^H^H^H^H^H^H^H[md /dev/sdc[34m^H^H^H^H^H^H^H^H^H^M[m[43;94H[K[43;94H44,1[10C30%[38;1H[?12l[?25h[?25l[1;42r[42;1H
[1;43r[42;1Hmdadm: added /dev/sdc[34m^M[m[43;94H[K[43;94H45,1[10C35%[42;1H[?12l[?25h[?25l[1;42r[1;1H[2M[1;43r[41;1H[34m^[[m]0;root@otuslinux:/home/vagrant[34m^G[m[root@otuslinux vagrant]# mdadm /dev/md0 --add /dev/sdc[34m^H^H^H^H^H^H^H^H^H^H^^[42;1HH^H^H^H^H^H^H^H^H^H^H^H^H^[[m[12P-D /dev/md0[34m^H^H^H^H^H^H^H^H^H^H^H^H^H^H^H^H^H^[[m[1Pcat /proc/mdstat[34m^M[m[43;94H[K[43;94H46,1[10C42%[41;1H[?12l[?25h[?25l[1;42r[42;1H
[1;43r[42;1HPersonalities : [raid10] [34m^M[m[43;94H[K[43;94H47,1[10C47%[42;1H[?12l[?25h[?25l[1;42r[42;1H
[1;43r[42;1Hmd0 : active raid10 sdc[4] sde[5] sdd[2] sdb[0][34m^M[m[43;94H[K[43;94H48,1[10C52%[42;1H[?12l[?25h[?25l[1;42r[42;1H
[1;43r[42;7H507904 blocks super 1.2 512K chunks 2 near-copies [4/4] [UUUU][34m^M[m[43;94H[K[43;94H49,1[10C57%[42;1H[?12l[?25h[?25l[1;42r[42;1H
[1;43r[42;7H[34m^M[m[43;94H[K[43;94H50,1[10C61%[42;1H[?12l[?25h[?25l[1;42r[42;1H
[1;43r[42;1Hunused devices: <none>[34m^M[m[43;94H[K[43;94H51,1[10C66%[42;1H[?12l[?25h[?25l[1;42r[42;1H
[1;43r[42;1H[34m^[[m]0;root@otuslinux:/home/vagrant[34m^G[m[root@otuslinux vagrant]# vim s[34m^H^[[m[K[34m^G^M[m[43;94H[K[43;94H52,1[10C71%[42;1H[?12l[?25h[?25l[1;42r[42;1H
[1;43r[42;1H.bash_history[11Cfiles.tar.bz2[11Cmdstat[18Craid_fail[34m^M[m[43;94H[K[43;94H53,1[10C76%[42;1H[?12l[?25h[?25l[1;42r[42;1H
[1;43r[42;1H.bash_logout[12Clsblk[19Cmdstat_fail[13C.ssh/[34m^M[m[43;94H[K[43;94H54,1[10C80%[42;1H[?12l[?25h[?25l[1;42r[42;1H
[1;43r[42;1H.bash_profile[11Cmd0_add[17Craid[20C.viminfo[34m^M[m[43;94H[K[43;94H55,1[10C85%[42;1H[?12l[?25h[?25l[1;42r[42;1H
[1;43r[42;1H.bashrc[17Cmd0_remove[14Craid_10_remove_add_hdd  [34m^M[m[43;94H[K[43;94H56,1[10C90%[42;1H[?12l[?25h[?25l[1;42r[42;1H
[1;43r[42;1H[106m[[mroot@otuslinux vagrant[106m][m# vim ra[34m^G[mid_10_remove_add_hdd [34m^M[m[43;94H[K[43;94H57,1[10C95%[42;1H[?12l[?25h[?25l[27m[m[H[2J[1;1H[34m^[[m[?1049h[34m^[[m[?1h[34m^[[m=[34m^[[m[2;1Hâ–½[34m^[[m[6n[34m^[[m[1;1H  [34m^[[m[1;1H[34m^[[m[1;43r[34m^[[m[?12;25h[34m^[[m[?12l[34m^[[m[?25h[34m^[[m[27m[34m^[[m[m[34m^[[m[H[34m^[[m[2J[34m^[[m[?25l[34m^[[m[43;;[2;1H1H"raid_10_remove_add_hdd" 0L, 0C[34m^[[m[>c[34m^[[m[2;1H[34m^[[m[94m~[58C  [3;1H [50C[34m^[[m[3;1H~[51C  [4;1H [57C[34m^[[m[4;1H~[44C  [5;1H [64C[34m^[[m[5;1H~[37C  [6;1H [71C[34m^[[m[6;1H~[30C  [7;1H [78C[34m^[[m[7;1H~[23C  [8;1H [85C[34m^[[m[8;1H~[16C  [9;1H [92C[34m^[[m[9;1H~[9C  [10;1H [99C[34m^[[m[10;1H~   [11;1H [107C[34m^[[m[[[12;1H11;1H~[104C  [13;1H     [34m^[[m[12;1H~[96C  [14;1H [12C[34m^[[m[13;1H~[88C  [15;1H [20C[34m^[[m[14;1H~[80C  [16;1H [28C[34m^[[m[15;1H~[72C  [17;1H [36C[34m^[[m[16;1H~[64C  [18;1H [44C[34m^[[m[17;1H~[56C  [19;1H [52C[34m^[[m[18;1H~[48C  [20;1H [60C[34m^[[m[19;1H~[40C  [21;1H [68C[34m^[[m[20;1H~[32C  [22;1H [76C[34m^[[m[21;1H~[24C  [23;1H [84C[34m^[[m[22;1H~[16C  [24;1H [92C[34m^[[m[23;1H~[8C  [25;1H [100C[34m^[[m[24;1H~  [26;1H [108C[34m^[[[m[27;1H[25;1H~[103C  [28;1H      [34m^[[m[26;1H~[95C  [29;1H [13C[34m^[[m[27;1H~[87C  [30;1H [21C[34m^[[m[28;1H~[79C  [31;1H [29C[34m^[[m[29;1H~[71C  [32;1H [37C[34m^[[m[30;1H~[63C  [33;1H [45C[34m^[[m[31;1H~[55C  [34;1H [53C[34m^[[m[32;1H~[47C  [35;1H [61C[34m^[[m[33;1H~[39C  [36;1H [69C[34m^[[m[34;1H~[31C  [37;1H [77C[34m^[[m[35;1H~[23C  [38;1H [85C[34m^[[m[36;1H~[15C  [39;1H [93C[34m^[[m[37;1H~[7C  [40;1H [101C[34m^[[m[38;1H~~[41;1H [109C[34m^^[42;1H[[m[39;1H~[43;94H58,1[10CBot[1;1H[?12l[?25h[?25l[1;42r[1;1H[L[1;43r[1;1H[106m[[mroot@otuslinux vagrant[106m][m# vim ra[34m^G[mid_10_remove_add_hdd [34m^M[m
[94m@                                                                                                              [3;1H@                                                                                                              [4;1H@                                                                                                              [5;1H@                                                                                                              [6;1H@                                                                                                              [7;1H@                                                                                                              [8;1H@                                                                                                              [9;1H@                                                                                                              [10;1H@                                                                                                              [11;1H@                                                                                                              [12;1H@                                                                                                              [13;1H@                                                                                                              [14;1H@                                                                                                              [15;1H@                                                                                                              [16;1H@                                                                                                              [17;1H@                                                                                                              [18;1H@                                                                                                              [19;1H@                                                                                                              [20;1H@                                                                                                              [21;1H@                                                                                                              [22;1H@                                                                                                              [23;1H@                                                                                                              [24;1H@                                                                                                              [25;1H@                                                                                                              [26;1H@                                                                                                              [27;1H@                                                                                                              [28;1H@                                                                                                              [29;1H@                                                                                                              [30;1H@                                                                                                              [31;1H@                                                                                                              [32;1H@                                                                                                              [33;1H@                                                                                                              [34;1H@                                                                                                              [35;1H@                                                                                                              [36;1H@                                                                                                              [37;1H@                                                                                                              [38;1H@                                                                                                              [39;1H@                                                                                                              [40;1H@                                                                                                              [41;1H@                                                                                                              [42;1H@                                                                                                              [m[43;94H[K[43;94H57,1[10C98%[1;1H[?12l[?25h[?25l[1;42r[1;1H[L[1;43r[1;1H.bashrc[17Cmd0_remove[14Craid_10_remove_add_hdd  [34m^M[m
[[22C][43;94H[K[43;94H56,1[10C98%[1;1H[?12l[?25h[?25l[1;42r[1;1H[L[1;43r[1;1H.bash_profile[11Cmd0_add[17Craid[20C.viminfo[34m^M[m[43;94H[K[43;94H55,1[10C98%[1;1H[?12l[?25h[?25l[1;42r[1;1H[L[1;43r[1;1H.bash_logout[12Clsblk[19Cmdstat_fail[13C.ssh/[34m^M[m[43;94H[K[43;94H54,1[10C98%[1;1H[?12l[?25h[?25l[1;42r[1;1H[L[1;43r[1;1H.bash_history[11Cfiles.tar.bz2[11Cmdstat[18Craid_fail[34m^M[m[43;94H[K[43;94H53,1[10C98%[1;1H[?12l[?25h[?25l[1;42r[1;1H[L[1;43r[1;1H[34m^[[m]0;root@otuslinux:/home/vagrant[34m^G[m[root@otuslinux vagrant]# vim s[34m^H^[[m[K[34m^G^M[m[43;94H[K[43;94H52,1[10C98%[1;1H[?12l[?25h[?25l[1;42r[1;1H[L[1;43r[1;1Hunused devices: <none>[34m^M[m[43;94H[K[43;94H51,1[10C98%[1;1H[?12l[?25h[?25l[1;42r[1;1H[L[1;43r[1;7H[34m^M[m[43;94H[K[43;94H50,1[10C98%[1;1H[?12l[?25h[?25l[1;42r[1;1H[L[1;43r[1;7H507904 blocks super 1.2 512K chunks 2 near-copies [4/4] [UUUU][34m^M[m[43;94H[K[43;94H49,1[10C97%[1;1H[?12l[?25h[?25l[1;42r[1;1H[L[1;43r[1;1Hmd0 : active raid10 sdc[4] sde[5] sdd[2] sdb[0][34m^M[m[43;94H[K[43;94H48,1[10C97%[1;1H[?12l[?25h[?25l[1;42r[1;1H[L[1;43r[1;1HPersonalities : [raid10] [34m^M[m[43;94H[K[43;94H47,1[10C97%[1;1H[?12l[?25h[?25l[1;42r[1;1H[2L[1;43r[1;1H[34m^[[m]0;root@otuslinux:/home/vagrant[34m^G[m[root@otuslinux vagrant]# mdadm /dev/md0 --add /dev/sdc[34m^H^H^H^H^H^H^H^H^H^H^^[2;1HH^H^H^H^H^H^H^H^H^H^H^H^H^[[m[12P-D /dev/md0[34m^H^H^H^H^H^H^H^H^H^H^H^H^H^H^H^H^H^[[m[1Pcat /proc/mdstat[34m^M[m[43;94H[K[43;94H46,1[10C97%[1;1H[?12l[?25h[?25l[1;42r[1;1H[L[1;43r[1;1Hmdadm: added /dev/sdc[34m^M[m[43;94H[K[43;94H45,1[10C97%[1;1H[?12l[?25h[?25l[1;42r[1;1H[5L[1;43r[1;1H[34m^[[m]0;root@otuslinux:/home/vagrant[34m^G[m[root@otuslinux vagrant]# mdadm -D /dev/md0[34m^H^H^H^H^H^H^H^H^H^H^H^H^H^H^H^H^^[2;1HH^[[m[1Pcat /proc/mdstat[34m^H^H^H^H^H^H^H^H^H^H^H^H^H^H^H^H[mmdadm /dev/md0 --remove /dev/sdc[34m^H^H^H^H^H^H^H^H^H^H^[[m[C[34m^^[3;1HH^[[m[1P /dev/sdc[34m^H^H^H^H^H^H^H^H^H^H^[[m[1P /dev/sdc[34m^H^H^H^H^H^H^H^H^H^H^[[m[1P /dev/sdc[34m^H^H^H^H^H^H^H^H^H^H^[[m[1P /dd[4;1Hev/sdc[34m^H^H^H^H^H^H^H^H^H^H^[[m[1P /dev/sdc[34m^H^H^H^H^H^H^H^H^H^H^[[m[1P /dev/sdc[34m^H^H^H^H^H^H^H^H^H[ma /dev/sdc[34m^H^H^H^H^^[5;1HH^H^H^H^H[md /dev/sdc[34m^H^H^H^H^H^H^H^H^H[md /dev/sdc[34m^H^H^H^H^H^H^H^H^H^M[m[43;94H[K[43;94H44,1[10C97%[1;1H[?12l[?25h[?25l[1;42r[1;1H[L[1;43r[1;8H5[7C8[7C64[8C3      active sync set-B   /dev/sde[34m^M[m[43;94H[K[43;94H43,1[10C97%[1;1H[?12l[?25h[?25l[1;42r[1;1H[L[1;43r[1;8H2[7C8[7C48[8C2      active sync set-A   /dev/sdd[34m^M[m[43;94H[K[43;94H42,1[10C97%[1;1H[?12l[?25h[?25l[1;42r[1;1H[L[1;43r[1;8H-[7C0[8C0[8C1      removed[34m^M[m[43;94H[K[43;94H41,1[10C97%[1;1H[?12l[?25h[?25l[1;42r[1;1H[L[1;43r[1;8H0[7C8[7C16[8C0      active sync set-A   /dev/sdb[34m^M[m[43;94H[K[43;94H40,1[10C97%[1;1H[?12l[?25h[?25l[1;42r[1;1H[L[1;43r[1;5HNumber   Major   Minor   RaidDevice State[34m^M[m[43;94H[K[43;94H39,1[10C97%[1;1H[?12l[?25h[?25l[1;42r[1;1H[L[1;43r[1;1H[34m^M[m[43;94H[K[43;94H38,1[10C97%[1;1H[?12l[?25h[?25l[1;42r[1;1H[L[1;43r[1;13HEvents : 86[34m^M[m[43;94H[K[43;94H37,1[10C97%[1;1H[?12l[?25h[?25l[1;42r[1;1H[L[1;43r[1;15HUUID : bb32e200:1341948c:b7038a11:ca070292[34m^M[m[43;94H[K[43;94H36,1[10C97%[1;1H[?12l[?25h[?25l[1;42r[1;1H[L[1;43r[1;15HName : otuslinux:0  (local to host otuslinux)[34m^M[m[43;94H[K[43;94H35,1[10C97%[1;1H[?12l[?25h[?25l[1;42r[1;1H[L[1;43r[1;1H[34m^M[m[43;94H[K[43;94H34,1[10C97%[1;1H[?12l[?25h[?25l[1;42r[1;1H[L[1;43r[1;1HConsistency Policy : resync[34m^M[m[43;94H[K[43;94H33,1[10C96%[1;1H[?12l[?25h[?25l[1;42r[1;1H[L[1;43r[1;1H[34m^M[m[43;94H[K[43;94H32,1[10C96%[1;1H[?12l[?25h[?25l[1;42r[1;1H[L[1;43r[1;9HChunk Size : 512K[34m^M[m[43;94H[K[43;94H31,1[10C96%[1;1H[?12l[?25h[?25l[1;42r[1;1H[L[1;43r[1;13HLayout : near=2[34m^M[m[43;94H[K[43;94H30,1[10C96%[1;1H[?12l[?25h[?25l[1;42r[1;1H[L[1;43r[1;1H[34m^M[m[43;94H[K[43;94H29,1[10C96%[1;1H[?12l[?25h[?25l[1;42r[1;1H[L[1;43r[1;6HSpare Devices : 0[34m^M[m[43;94H[K[43;94H28,1[10C96%[1;1H[?12l[?25h[?25l[1;42r[1;1H[L[1;43r[1;5HFailed Devices : 0[34m^M[m[43;94H[K[43;94H27,1[10C96%[1;1H[?12l[?25h[?25l[1;42r[1;1H[L[1;43r[1;4HWorking Devices : 3[34m^M[m[43;94H[K[43;94H26,1[10C96%[1;1H[?12l[?25h[?25l[1;42r[1;1H[L[1;43r[1;5HActive Devices : 3[34m^M[m[43;94H[K[43;94H25,1[10C96%[1;1H[?12l[?25h[?25l[1;42r[1;1H[L[1;43r[1;14HState : clean, degraded [34m^M[m[43;94H[K[43;94H24,1[10C95%[1;1H[?12l[?25h[?25l[1;42r[1;1H[L[1;43r[1;8HUpdate Time : Sat Aug 10 05:38:48 2019[34m^M[m[43;94H[K[43;94H23,1[10C95%[1;1H[?12l[?25h[?25l[1;42r[1;1H[L[1;43r[1;1H[34m^M[m[43;94H[K[43;94H22,1[10C95%[1;1H[?12l[?25h[?25l[1;42r[1;1H[L[1;43r[1;8HPersistence : Superblock is persistent[34m^M[m[43;94H[K[43;94H21,1[10C95%[1;1H[?12l[?25h[?25l[1;42r[1;1H[L[1;43r[1;6HTotal Devices : 3[34m^M[m[43;94H[K[43;94H20,1[10C90%[1;1H[?12l[?25h[?25l[1;42r[1;1H[L[1;43r[1;7HRaid Devices : 4[34m^M[m[43;94H[K[43;94H19,1[10C85%[1;1H[?12l[?25h[?25l[1;42r[1;1H[L[1;43r[1;6HUsed Dev Size : 253952 (248.00 MiB 260.05 MB)[34m^M[m[43;94H[K[43;94H18,1[10C80%[1;1H[?12l[?25h[?25l[1;42r[1;1H[L[1;43r[1;9HArray Size : 507904 (496.00 MiB 520.09 MB)[34m^M[m[43;94H[K[43;94H17,1[10C76%[1;1H[?12l[?25h[?25l[1;42r[1;1H[L[1;43r[1;9HRaid Level : raid10[34m^M[m[43;94H[K[43;94H16,1[10C71%[1;1H[?12l[?25h[?25l[1;42r[1;1H[L[1;43r[1;6HCreation Time : Sat Aug 10 04:57:50 2019[34m^M[m[43;94H[K[43;94H15,1[10C66%[1;1H[?12l[?25h[?25l[1;42r[1;1H[L[1;43r[1;12HVersion : 1.2[34m^M[m[43;94H[K[43;94H14,1[10C61%[1;1H[?12l[?25h[?25l[1;42r[1;1H[L[1;43r[1;1H/dev/md0:[34m^M[m[43;94H[K[43;94H13,1[10C57%[1;1H[?12l[?25h[?25l[1;42r[1;1H[L[1;43r[1;1H[34m^[[m]0;root@otuslinux:/home/vagrant[34m^G[m[root@otuslinux vagrant]# ,[34m^H^[[m[Kmdadm -D /dev/md0[34m^M[m[43;94H[K[43;94H12,1[10C52%[1;1H[?12l[?25h[?25l[1;42r[1;1H[L[1;43r[1;1Hunused devices: <none>[34m^M[m[43;94H[K[43;94H11,1[10C47%[1;1H[?12l[?25h[?25l[1;42r[1;1H[L[1;43r[1;7H[34m^M[m[43;94H[K[43;94H10,1[10C42%[1;1H[?12l[?25h[?25l[1;42r[1;1H[L[1;43r[1;7H507904 blocks super 1.2 512K chunks 2 near-copies [4/3] [U_UU][34m^M[m[42;1H[94m@                                                                                                              [m[43;94H[K[43;94H9,1[11C38%[1;1H[?12l[?25h[?25l[1;42r[1;1H[L[1;43r[1;1Hmd0 : active raid10 sde[5] sdd[2] sdb[0][34m^M[m[43;94H[K[43;94H8,1[11C35%[1;1H[?12l[?25h[?25l[1;42r[1;1H[L[1;43r[1;1HPersonalities : [raid10] [34m^M[m[43;94H[K[43;94H7,1[11C30%[1;1H[?12l[?25h[?25l[1;42r[1;1H[L[1;43r[1;1H[34m^[[m]0;root@otuslinux:/home/vagrant[34m^G[m[root@otuslinux vagrant]# cat /proc/mdstat[34m^M[m[39;1H[94m@                                                                                                              [40;1H@                                                                                                              [41;1H@                                                                                                              [42;1H@                                                                                                              [m[43;94H[K[43;94H6,1[11C25%[1;1H[?12l[?25h[?25l[1;42r[1;1H[L[1;43r[1;1Hmdadm: hot removed /dev/sdc from /dev/md0[34m^M[m[43;94H[K[43;94H5,1[11C21%[1;1H[?12l[?25h[?25l[1;42r[1;1H[4L[1;43r[1;1H[34m^[[m]0;root@otuslinux:/home/vagrant[34m^G[m[root@otuslinux vagrant]# mdadm /dev/md0 --fail /dev/sdc[34m^H^H^H^H^H^H^H^H^H^HH[2;1H^H^[[m[C[34m^[[m[C[34m^H^[[m[1P /dev/sdc[34m^H^H^H^H^H^H^H^H^H^H^[[m[1P /dev/sdc[34m^H^H^H^H^H^H^H^H^H^H^[[m[1P /dev/sdc[34m^H^H^H^H^H^H^H^H^^[3;1HH^H^[[m[1P /dev/sdc[34m^H^H^H^H^H^H^H^H^H[mr /dev/sdc[34m^H^H^H^H^H^H^H^H^H[me /dev/sdc[34m^H^H^H^H^H^H^H^H^H[mm /dev/sdc[34m^H^H^H^H^HH[4;1H^H^H^H^H[mo /dev/sdc[34m^H^H^H^H^H^H^H^H^H[mv /dev/sdc[34m^H^H^H^H^H^H^H^H^H[me /dev/sdc[34m^H^H^H^H^H^H^H^H^H^M[m[43;94H[K[43;94H4,1[11C15%[1;1H[?12l[?25h[?25l[1;42r[1;1H[L[1;43r[1;1Hmdadm: set /dev/sdc faulty in /dev/md0[34m^M[m[43;94H[K[43;94H3,1[11C10%[1;1H[?12l[?25h[?25l[1;42r[1;1H[L[1;43r[1;1H[34m^[[m]0;root@otuslinux:/home/vagrant[34m^G^[[m[?1034h[root@otuslinux vagrant]# mdadm /dev/md0 --fail /dev_[34m^H^[[m[K/sdc[34m^M[m[43;94H[K[43;94H2,1[12C5%[1;1H[?12l[?25h[?25l[1;42r[1;1H[L[1;43r[1;1HScript started on Sat 10 Aug 2019 05:37:50 AM UTC[43;94H[K[43;94H1,1[11CTop[1;1H[?12l[?25h[?25l[43;94H[K[43;1H:[?12l[?25hq[?25l[?12l[?25h[?25l[43;1H[K[43;1H[?1l>[?12l[?25h[?1049l]0;root@otuslinux:/home/vagrant[root@otuslinux vagrant]# exit
Script done, file is typescript
]0;root@otuslinux:/home/vagrant[root@otuslinux vagrant]# exit

Script done on Sat 10 Aug 2019 05:41:48 AM UTC
