[    0.000000] Linux version 4.15.0-64-generic (buildd@lgw01-amd64-038) (gcc version 7.4.0 (Ubuntu 7.4.0-1ubuntu1~18.04.1)) #73-Ubuntu SMP Thu Sep 12 13:16:13 UTC 2019 (Ubuntu 4.15.0-64.73-generic 4.15.18)
[    0.000000] Command line: BOOT_IMAGE=/boot/vmlinuz-4.15.0-64-generic root=LABEL=cloudimg-rootfs ro console=tty1 console=ttyS0
[    0.000000] KERNEL supported cpus:
[    0.000000]   Intel GenuineIntel
[    0.000000]   AMD AuthenticAMD
[    0.000000]   Centaur CentaurHauls
[    0.000000] x86/fpu: Supporting XSAVE feature 0x001: 'x87 floating point registers'
[    0.000000] x86/fpu: Supporting XSAVE feature 0x002: 'SSE registers'
[    0.000000] x86/fpu: Supporting XSAVE feature 0x004: 'AVX registers'
[    0.000000] x86/fpu: xstate_offset[2]:  576, xstate_sizes[2]:  256
[    0.000000] x86/fpu: Enabled xstate features 0x7, context size is 832 bytes, using 'standard' format.
[    0.000000] e820: BIOS-provided physical RAM map:
[    0.000000] BIOS-e820: [mem 0x0000000000000000-0x000000000009fbff] usable
[    0.000000] BIOS-e820: [mem 0x000000000009fc00-0x000000000009ffff] reserved
[    0.000000] BIOS-e820: [mem 0x00000000000f0000-0x00000000000fffff] reserved
[    0.000000] BIOS-e820: [mem 0x0000000000100000-0x000000001ffeffff] usable
[    0.000000] BIOS-e820: [mem 0x000000001fff0000-0x000000001fffffff] ACPI data
[    0.000000] BIOS-e820: [mem 0x00000000fec00000-0x00000000fec00fff] reserved
[    0.000000] BIOS-e820: [mem 0x00000000fee00000-0x00000000fee00fff] reserved
[    0.000000] BIOS-e820: [mem 0x00000000fffc0000-0x00000000ffffffff] reserved
[    0.000000] NX (Execute Disable) protection: active
[    0.000000] SMBIOS 2.5 present.
[    0.000000] DMI: innotek GmbH VirtualBox/VirtualBox, BIOS VirtualBox 12/01/2006
[    0.000000] Hypervisor detected: KVM
[    0.000000] e820: last_pfn = 0x1fff0 max_arch_pfn = 0x400000000
[    0.000000] MTRR: Disabled
[    0.000000] x86/PAT: MTRRs disabled, skipping PAT initialization too.
[    0.000000] CPU MTRRs all blank - virtualized system.
[    0.000000] x86/PAT: Configuration [0-7]: WB  WT  UC- UC  WB  WT  UC- UC  
[    0.000000] found SMP MP-table at [mem 0x0009fff0-0x0009ffff]
[    0.000000] Scanning 1 areas for low memory corruption
[    0.000000] RAMDISK: [mem 0x1db94000-0x1ee45fff]
[    0.000000] ACPI: Early table checksum verification disabled
[    0.000000] ACPI: RSDP 0x00000000000E0000 000024 (v02 VBOX  )
[    0.000000] ACPI: XSDT 0x000000001FFF0030 00003C (v01 VBOX   VBOXXSDT 00000001 ASL  00000061)
[    0.000000] ACPI: FACP 0x000000001FFF00F0 0000F4 (v04 VBOX   VBOXFACP 00000001 ASL  00000061)
[    0.000000] ACPI: DSDT 0x000000001FFF0470 0022EA (v02 VBOX   VBOXBIOS 00000002 INTL 20190816)
[    0.000000] ACPI: FACS 0x000000001FFF0200 000040
[    0.000000] ACPI: FACS 0x000000001FFF0200 000040
[    0.000000] ACPI: APIC 0x000000001FFF0240 00005C (v02 VBOX   VBOXAPIC 00000001 ASL  00000061)
[    0.000000] ACPI: SSDT 0x000000001FFF02A0 0001CC (v01 VBOX   VBOXCPUT 00000002 INTL 20190816)
[    0.000000] No NUMA configuration found
[    0.000000] Faking a node at [mem 0x0000000000000000-0x000000001ffeffff]
[    0.000000] NODE_DATA(0) allocated [mem 0x1ffc5000-0x1ffeffff]
[    0.000000] kvm-clock: cpu 0, msr 0:1ff44001, primary cpu clock
[    0.000000] kvm-clock: Using msrs 4b564d01 and 4b564d00
[    0.000000] kvm-clock: using sched offset of 3105433273 cycles
[    0.000000] clocksource: kvm-clock: mask: 0xffffffffffffffff max_cycles: 0x1cd42e4dffb, max_idle_ns: 881590591483 ns
[    0.000000] Zone ranges:
[    0.000000]   DMA      [mem 0x0000000000001000-0x0000000000ffffff]
[    0.000000]   DMA32    [mem 0x0000000001000000-0x000000001ffeffff]
[    0.000000]   Normal   empty
[    0.000000]   Device   empty
[    0.000000] Movable zone start for each node
[    0.000000] Early memory node ranges
[    0.000000]   node   0: [mem 0x0000000000001000-0x000000000009efff]
[    0.000000]   node   0: [mem 0x0000000000100000-0x000000001ffeffff]
[    0.000000] Reserved but unavailable: 98 pages
[    0.000000] Initmem setup node 0 [mem 0x0000000000001000-0x000000001ffeffff]
[    0.000000] ACPI: PM-Timer IO Port: 0x4008
[    0.000000] IOAPIC[0]: apic_id 2, version 32, address 0xfec00000, GSI 0-23
[    0.000000] ACPI: INT_SRC_OVR (bus 0 bus_irq 0 global_irq 2 dfl dfl)
[    0.000000] ACPI: INT_SRC_OVR (bus 0 bus_irq 9 global_irq 9 low level)
[    0.000000] Using ACPI (MADT) for SMP configuration information
[    0.000000] smpboot: Allowing 2 CPUs, 0 hotplug CPUs
[    0.000000] PM: Registered nosave memory: [mem 0x00000000-0x00000fff]
[    0.000000] PM: Registered nosave memory: [mem 0x0009f000-0x0009ffff]
[    0.000000] PM: Registered nosave memory: [mem 0x000a0000-0x000effff]
[    0.000000] PM: Registered nosave memory: [mem 0x000f0000-0x000fffff]
[    0.000000] e820: [mem 0x20000000-0xfebfffff] available for PCI devices
[    0.000000] Booting paravirtualized kernel on KVM
[    0.000000] clocksource: refined-jiffies: mask: 0xffffffff max_cycles: 0xffffffff, max_idle_ns: 7645519600211568 ns
[    0.000000] random: get_random_bytes called from start_kernel+0x99/0x4fd with crng_init=0
[    0.000000] setup_percpu: NR_CPUS:8192 nr_cpumask_bits:2 nr_cpu_ids:2 nr_node_ids:1
[    0.000000] percpu: Embedded 46 pages/cpu s151552 r8192 d28672 u1048576
[    0.000000] PV qspinlock hash table entries: 256 (order: 0, 4096 bytes)
[    0.000000] Built 1 zonelists, mobility grouping on.  Total pages: 128889
[    0.000000] Policy zone: DMA32
[    0.000000] Kernel command line: BOOT_IMAGE=/boot/vmlinuz-4.15.0-64-generic root=LABEL=cloudimg-rootfs ro console=tty1 console=ttyS0
[    0.000000] Memory: 467344K/523832K available (12300K kernel code, 2481K rwdata, 4172K rodata, 2436K init, 2384K bss, 56488K reserved, 0K cma-reserved)
[    0.000000] SLUB: HWalign=64, Order=0-3, MinObjects=0, CPUs=2, Nodes=1
[    0.000000] Kernel/User page tables isolation: enabled
[    0.000000] ftrace: allocating 39306 entries in 154 pages
[    0.004000] Hierarchical RCU implementation.
[    0.004000] 	RCU restricting CPUs from NR_CPUS=8192 to nr_cpu_ids=2.
[    0.004000] 	Tasks RCU enabled.
[    0.004000] RCU: Adjusting geometry for rcu_fanout_leaf=16, nr_cpu_ids=2
[    0.004000] NR_IRQS: 524544, nr_irqs: 440, preallocated irqs: 16
[    0.004000] Console: colour VGA+ 80x25
[    0.004000] console [tty1] enabled
[    0.004000] console [ttyS0] enabled
[    0.004000] ACPI: Core revision 20170831
[    0.004000] ACPI: 2 ACPI AML tables successfully acquired and loaded
[    0.004000] APIC: Switch to symmetric I/O mode setup
[    0.004000] x2apic enabled
[    0.004000] Switched APIC routing to physical x2apic.
[    0.004000] ..TIMER: vector=0x30 apic1=0 pin1=2 apic2=-1 pin2=-1
[    0.004000] tsc: Detected 3599.998 MHz processor
[    0.004000] Calibrating delay loop (skipped) preset value.. 7199.99 BogoMIPS (lpj=14399992)
[    0.004002] pid_max: default: 32768 minimum: 301
[    0.004490] Security Framework initialized
[    0.004918] Yama: becoming mindful.
[    0.005309] AppArmor: AppArmor initialized
[    0.005777] Dentry cache hash table entries: 65536 (order: 7, 524288 bytes)
[    0.006464] Inode-cache hash table entries: 32768 (order: 6, 262144 bytes)
[    0.007125] Mount-cache hash table entries: 1024 (order: 1, 8192 bytes)
[    0.007756] Mountpoint-cache hash table entries: 1024 (order: 1, 8192 bytes)
[    0.008166] Last level iTLB entries: 4KB 128, 2MB 8, 4MB 8
[    0.008710] Last level dTLB entries: 4KB 64, 2MB 0, 4MB 0, 1GB 4
[    0.009324] Spectre V1 : Mitigation: usercopy/swapgs barriers and __user pointer sanitization
[    0.010154] Spectre V2 : Mitigation: Full generic retpoline
[    0.010703] Spectre V2 : Spectre v2 / SpectreRSB mitigation: Filling RSB on context switch
[    0.012001] Speculative Store Bypass: Vulnerable
[    0.012485] MDS: Vulnerable: Clear CPU buffers attempted, no microcode
[    0.013218] Freeing SMP alternatives memory: 36K
[    0.016000] smpboot: CPU0: Intel(R) Core(TM) i5-8600K CPU @ 3.60GHz (family: 0x6, model: 0x9e, stepping: 0xa)
[    0.016000] Performance Events: unsupported p6 CPU model 158 no PMU driver, software events only.
[    0.016000] Hierarchical SRCU implementation.
[    0.016000] NMI watchdog: Perf event create on CPU 0 failed with -2
[    0.016000] NMI watchdog: Perf NMI watchdog permanently disabled
[    0.016030] smp: Bringing up secondary CPUs ...
[    0.016586] x86: Booting SMP configuration:
[    0.017040] .... node  #0, CPUs:      #1
[    0.004000] kvm-clock: cpu 1, msr 0:1ff44041, secondary cpu clock
[    0.020014] smp: Brought up 1 node, 2 CPUs
[    0.020444] smpboot: Max logical packages: 1
[    0.020940] smpboot: Total of 2 processors activated (14399.99 BogoMIPS)
[    0.021702] devtmpfs: initialized
[    0.021702] x86/mm: Memory block size: 128MB
[    0.021702] evm: security.selinux
[    0.021702] evm: security.SMACK64
[    0.021730] evm: security.SMACK64EXEC
[    0.024002] evm: security.SMACK64TRANSMUTE
[    0.024469] evm: security.SMACK64MMAP
[    0.024870] evm: security.apparmor
[    0.025241] evm: security.ima
[    0.025577] evm: security.capability
[    0.026010] clocksource: jiffies: mask: 0xffffffff max_cycles: 0xffffffff, max_idle_ns: 7645041785100000 ns
[    0.026010] futex hash table entries: 512 (order: 3, 32768 bytes)
[    0.026010] pinctrl core: initialized pinctrl subsystem
[    0.028065] RTC time: 18:28:30, date: 11/16/19
[    0.028659] NET: Registered protocol family 16
[    0.029179] audit: initializing netlink subsys (disabled)
[    0.029775] audit: type=2000 audit(1573928914.861:1): state=initialized audit_enabled=0 res=1
[    0.029775] cpuidle: using governor ladder
[    0.029775] cpuidle: using governor menu
[    0.032024] ACPI: bus type PCI registered
[    0.032456] acpiphp: ACPI Hot Plug PCI Controller Driver version: 0.5
[    0.033161] PCI: Using configuration type 1 for base access
[    0.033747] HugeTLB registered 2.00 MiB page size, pre-allocated 0 pages
[    0.033747] ACPI: Added _OSI(Module Device)
[    0.036002] ACPI: Added _OSI(Processor Device)
[    0.036470] ACPI: Added _OSI(3.0 _SCP Extensions)
[    0.036993] ACPI: Added _OSI(Processor Aggregator Device)
[    0.037548] ACPI: Added _OSI(Linux-Dell-Video)
[    0.038013] ACPI: Added _OSI(Linux-Lenovo-NV-HDMI-Audio)
[    0.038561] ACPI: Added _OSI(Linux-HPI-Hybrid-Graphics)
[    0.039290] ACPI: Executed 1 blocks of module-level executable AML code
[    0.042198] ACPI: Interpreter enabled
[    0.042607] ACPI: (supports S0 S5)
[    0.042985] ACPI: Using IOAPIC for interrupt routing
[    0.043646] PCI: Using host bridge windows from ACPI; if necessary, use "pci=nocrs" and report a bug
[    0.044100] ACPI: Enabled 2 GPEs in block 00 to 07
[    0.049194] ACPI: PCI Root Bridge [PCI0] (domain 0000 [bus 00-ff])
[    0.049853] acpi PNP0A03:00: _OSC: OS supports [ASPM ClockPM Segments MSI]
[    0.050872] acpi PNP0A03:00: _OSC: not requesting OS control; OS requires [ExtendedConfig ASPM ClockPM MSI]
[    0.051882] acpi PNP0A03:00: fail to add MMCONFIG information, can't access extended PCI configuration space under this bridge.
[    0.052202] PCI host bridge to bus 0000:00
[    0.052705] pci_bus 0000:00: root bus resource [io  0x0000-0x0cf7 window]
[    0.054238] pci_bus 0000:00: root bus resource [io  0x0d00-0xffff window]
[    0.055828] pci_bus 0000:00: root bus resource [mem 0x000a0000-0x000bffff window]
[    0.056002] pci_bus 0000:00: root bus resource [mem 0x20000000-0xfdffffff window]
[    0.056767] pci_bus 0000:00: root bus resource [bus 00-ff]
[    0.060916] pci 0000:00:01.1: legacy IDE quirk: reg 0x10: [io  0x01f0-0x01f7]
[    0.061627] pci 0000:00:01.1: legacy IDE quirk: reg 0x14: [io  0x03f6]
[    0.062274] pci 0000:00:01.1: legacy IDE quirk: reg 0x18: [io  0x0170-0x0177]
[    0.062975] pci 0000:00:01.1: legacy IDE quirk: reg 0x1c: [io  0x0376]
[    0.071052] pci 0000:00:07.0: quirk: [io  0x4000-0x403f] claimed by PIIX4 ACPI
[    0.071897] pci 0000:00:07.0: quirk: [io  0x4100-0x410f] claimed by PIIX4 SMB
[    0.076717] ACPI: PCI Interrupt Link [LNKA] (IRQs 5 9 10 *11)
[    0.077541] ACPI: PCI Interrupt Link [LNKB] (IRQs 5 9 *10 11)
[    0.078200] ACPI: PCI Interrupt Link [LNKC] (IRQs 5 *9 10 11)
[    0.078851] ACPI: PCI Interrupt Link [LNKD] (IRQs 5 9 10 *11)
[    0.079687] SCSI subsystem initialized
[    0.080032] pci 0000:00:02.0: vgaarb: setting as boot VGA device
[    0.080650] pci 0000:00:02.0: vgaarb: VGA device added: decodes=io+mem,owns=io+mem,locks=none
[    0.081507] pci 0000:00:02.0: vgaarb: bridge control possible
[    0.082080] vgaarb: loaded
[    0.082408] ACPI: bus type USB registered
[    0.082861] usbcore: registered new interface driver usbfs
[    0.083436] usbcore: registered new interface driver hub
[    0.084012] usbcore: registered new device driver usb
[    0.084620] EDAC MC: Ver: 3.0.0
[    0.084620] PCI: Using ACPI for IRQ routing
[    0.084623] NetLabel: Initializing
[    0.085007] NetLabel:  domain hash size = 128
[    0.085458] NetLabel:  protocols = UNLABELED CIPSOv4 CALIPSO
[    0.086030] NetLabel:  unlabeled traffic allowed by default
[    0.088075] clocksource: Switched to clocksource kvm-clock
[    0.094995] VFS: Disk quotas dquot_6.6.0
[    0.095463] VFS: Dquot-cache hash table entries: 512 (order 0, 4096 bytes)
[    0.096298] AppArmor: AppArmor Filesystem Enabled
[    0.096827] pnp: PnP ACPI init
[    0.097761] pnp: PnP ACPI: found 3 devices
[    0.105137] clocksource: acpi_pm: mask: 0xffffff max_cycles: 0xffffff, max_idle_ns: 2085701024 ns
[    0.106130] NET: Registered protocol family 2
[    0.106699] TCP established hash table entries: 4096 (order: 3, 32768 bytes)
[    0.107461] TCP bind hash table entries: 4096 (order: 4, 65536 bytes)
[    0.108185] TCP: Hash tables configured (established 4096 bind 4096)
[    0.108959] UDP hash table entries: 256 (order: 1, 8192 bytes)
[    0.109679] UDP-Lite hash table entries: 256 (order: 1, 8192 bytes)
[    0.110402] NET: Registered protocol family 1
[    0.110990] pci 0000:00:00.0: Limiting direct PCI/PCI transfers
[    0.111661] pci 0000:00:01.0: Activating ISA DMA hang workarounds
[    0.112372] pci 0000:00:02.0: Video device with shadowed ROM at [mem 0x000c0000-0x000dffff]
[    0.113320] Unpacking initramfs...
[    0.289529] Freeing initrd memory: 19144K
[    0.290097] clocksource: tsc: mask: 0xffffffffffffffff max_cycles: 0x33e451ab1a6, max_idle_ns: 440795278720 ns
[    0.291158] platform rtc_cmos: registered platform RTC device (no PNP device found)
[    0.291940] Scanning for low memory corruption every 60 seconds
[    0.293110] Initialise system trusted keyrings
[    0.293597] Key type blacklist registered
[    0.294164] workingset: timestamp_bits=36 max_order=17 bucket_order=0
[    0.295445] zbud: loaded
[    0.296139] squashfs: version 4.0 (2009/01/31) Phillip Lougher
[    0.296865] fuse init (API version 7.26)
[    0.298924] Key type asymmetric registered
[    0.299460] Asymmetric key parser 'x509' registered
[    0.300079] Block layer SCSI generic (bsg) driver version 0.4 loaded (major 246)
[    0.301004] io scheduler noop registered
[    0.301412] io scheduler deadline registered
[    0.302077] io scheduler cfq registered (default)
[    0.302882] ACPI: AC Adapter [AC] (on-line)
[    0.303385] input: Power Button as /devices/LNXSYSTM:00/LNXPWRBN:00/input/input0
[    0.304291] ACPI: Power Button [PWRF]
[    0.304748] input: Sleep Button as /devices/LNXSYSTM:00/LNXSLPBN:00/input/input1
[    0.305497] ACPI: Sleep Button [SLPF]
[    0.306237] Serial: 8250/16550 driver, 32 ports, IRQ sharing enabled
[    0.327230] 00:02: ttyS0 at I/O 0x3f8 (irq = 4, base_baud = 115200) is a 16550A
[    0.329750] Linux agpgart interface v0.103
[    0.331144] loop: module loaded
[    0.331901] scsi host0: ata_piix
[    0.332481] scsi host1: ata_piix
[    0.332863] ata1: PATA max UDMA/33 cmd 0x1f0 ctl 0x3f6 bmdma 0xd000 irq 14
[    0.333532] ata2: PATA max UDMA/33 cmd 0x170 ctl 0x376 bmdma 0xd008 irq 15
[    0.334275] libphy: Fixed MDIO Bus: probed
[    0.334733] tun: Universal TUN/TAP device driver, 1.6
[    0.335414] PPP generic driver version 2.4.2
[    0.336074] ehci_hcd: USB 2.0 'Enhanced' Host Controller (EHCI) Driver
[    0.336717] ehci-pci: EHCI PCI platform driver
[    0.337177] ehci-platform: EHCI generic platform driver
[    0.337804] ohci_hcd: USB 1.1 'Open' Host Controller (OHCI) Driver
[    0.338411] ohci-pci: OHCI PCI platform driver
[    0.338879] ohci-platform: OHCI generic platform driver
[    0.339435] uhci_hcd: USB Universal Host Controller Interface driver
[    0.340075] i8042: PNP: PS/2 Controller [PNP0303:PS2K,PNP0f03:PS2M] at 0x60,0x64 irq 1,12
[    0.341253] serio: i8042 KBD port at 0x60,0x64 irq 1
[    0.341806] serio: i8042 AUX port at 0x60,0x64 irq 12
[    0.342466] mousedev: PS/2 mouse device common for all mice
[    0.343428] input: AT Translated Set 2 keyboard as /devices/platform/i8042/serio0/input/input2
[    0.344385] rtc_cmos rtc_cmos: rtc core: registered rtc_cmos as rtc0
[    0.345239] rtc_cmos rtc_cmos: alarms up to one day, 114 bytes nvram
[    0.345899] i2c /dev entries driver
[    0.346309] device-mapper: uevent: version 1.0.3
[    0.346858] device-mapper: ioctl: 4.37.0-ioctl (2017-09-20) initialised: dm-devel@redhat.com
[    0.347829] ledtrig-cpu: registered to indicate activity on CPUs
[    0.348831] NET: Registered protocol family 10
[    0.351821] Segment Routing with IPv6
[    0.352349] NET: Registered protocol family 17
[    0.352997] Key type dns_resolver registered
[    0.353758] mce: Using 0 MCE banks
[    0.354212] RAS: Correctable Errors collector initialized.
[    0.354834] sched_clock: Marking stable (353736962, 0)->(541336074, -187599112)
[    0.355856] registered taskstats version 1
[    0.356452] Loading compiled-in X.509 certificates
[    0.358622] Loaded X.509 cert 'Build time autogenerated kernel key: 9ff85db0b1f72c0c954e4d2eaca5a9366845820b'
[    0.359628] zswap: loaded using pool lzo/zbud
[    0.362267] Key type big_key registered
[    0.362853] Key type trusted registered
[    0.364441] Key type encrypted registered
[    0.364999] AppArmor: AppArmor sha1 policy hashing enabled
[    0.365650] ima: No TPM chip found, activating TPM-bypass! (rc=-19)
[    0.366379] ima: Allocated hash algorithm: sha1
[    0.367003] evm: HMAC attrs: 0x1
[    0.367632]   Magic number: 11:70:494
[    0.368143] rtc_cmos rtc_cmos: setting system clock to 2019-11-16 18:28:30 UTC (1573928910)
[    0.369149] BIOS EDD facility v0.16 2004-Jun-25, 0 devices found
[    0.369750] EDD information not available.
[    0.500809] Freeing unused kernel image memory: 2436K
[    0.512238] Write protecting the kernel read-only data: 20480k
[    0.517451] Freeing unused kernel image memory: 2008K
[    0.521302] Freeing unused kernel image memory: 1972K
[    0.542317] x86/mm: Checked W+X mappings: passed, no W+X pages found.
[    0.544213] x86/mm: Checking user space page tables
[    0.553762] x86/mm: Checked W+X mappings: passed, no W+X pages found.
Loading, please wait...
starting version 237
[    0.602233] e1000: Intel(R) PRO/1000 Network Driver - version 7.3.21-k8-NAPI
[    0.603028] e1000: Copyright (c) 1999-2006 Intel Corporation.
[    0.611345] Fusion MPT base driver 3.04.20
[    0.611833] Copyright (c) 1999-2008 LSI Corporation
[    0.623110] AVX2 version of gcm_enc/dec engaged.
[    0.623701] AES CTR mode by8 optimization enabled
[    0.633729] Fusion MPT SPI Host driver 3.04.20
[    0.816959] input: ImExPS/2 Generic Explorer Mouse as /devices/platform/i8042/serio1/input/input4
[    0.954620] e1000 0000:00:03.0 eth0: (PCI:33MHz:32-bit) 02:ab:ce:93:e0:e3
[    0.955371] e1000 0000:00:03.0 eth0: Intel(R) PRO/1000 Network Connection
[    0.956735] mptbase: ioc0: Initiating bringup
[    1.052762] ioc0: LSI53C1030 A0: Capabilities={Initiator}
[    1.299435] scsi host2: ioc0: LSI53C1030 A0, FwRev=00000000h, Ports=1, MaxQ=256, IRQ=20
[    1.473444] scsi 2:0:0:0: Direct-Access     VBOX     HARDDISK         1.0  PQ: 0 ANSI: 5
[    1.520181] scsi target2:0:0: Beginning Domain Validation
[    1.522591] scsi target2:0:0: Domain Validation skipping write tests
[    1.524423] scsi target2:0:0: Ending Domain Validation
[    1.525998] scsi target2:0:0: asynchronous
[    1.527059] scsi 2:0:1:0: Direct-Access     VBOX     HARDDISK         1.0  PQ: 0 ANSI: 5
[    1.795104] scsi target2:0:1: Beginning Domain Validation
[    1.796104] scsi target2:0:1: Domain Validation skipping write tests
[    1.796716] scsi target2:0:1: Ending Domain Validation
[    1.797365] random: fast init done
[    1.797789] scsi target2:0:1: asynchronous
[    1.799997] random: systemd-udevd: uninitialized urandom read (16 bytes read)
[    1.800100] sd 2:0:0:0: [sda] 20971520 512-byte logical blocks: (10.7 GB/10.0 GiB)
[    1.800859] random: systemd-udevd: uninitialized urandom read (16 bytes read)
[    1.801751] sd 2:0:0:0: [sda] Write Protect is off
[    1.802514] random: systemd-udevd: uninitialized urandom read (16 bytes read)
[    1.803859] sd 2:0:0:0: Attached scsi generic sg0 type 0
[    1.804524] sd 2:0:0:0: [sda] Incomplete mode parameter data
[    1.805126] sd 2:0:0:0: [sda] Assuming drive cache: write through
[    1.805904] sd 2:0:1:0: Attached scsi generic sg1 type 0
[    1.806814] sd 2:0:1:0: [sdb] 20480 512-byte logical blocks: (10.5 MB/10.0 MiB)
[    1.807810] sd 2:0:1:0: [sdb] Write Protect is off
[    1.808601] sd 2:0:1:0: [sdb] Incomplete mode parameter data
[    1.809187] sd 2:0:1:0: [sdb] Assuming drive cache: write through
[    1.816071]  sda: sda1
[    1.817504] sd 2:0:0:0: [sda] Attached SCSI disk
[    1.818243] sd 2:0:1:0: [sdb] Attached SCSI disk
[    1.827142] e1000 0000:00:08.0 eth1: (PCI:33MHz:32-bit) 08:00:27:a6:10:c2
[    1.828762] e1000 0000:00:08.0 eth1: Intel(R) PRO/1000 Network Connection
[    1.831552] e1000 0000:00:03.0 enp0s3: renamed from eth0
[    1.935988] e1000 0000:00:08.0 enp0s8: renamed from eth1
Begin: Loading essential drivers ... [    3.285653] raid6: sse2x1   gen() 16178 MB/s
[    3.335659] raid6: sse2x1   xor() 11748 MB/s
[    3.384096] raid6: sse2x2   gen() 18495 MB/s
[    3.435662] raid6: sse2x2   xor() 13608 MB/s
[    3.485652] raid6: sse2x4   gen() 22412 MB/s
[    3.534094] raid6: sse2x4   xor() 14139 MB/s
[    3.580337] raid6: avx2x1   gen() 30566 MB/s
[    3.635659] raid6: avx2x1   xor() 25157 MB/s
[    3.685651] raid6: avx2x2   gen() 38267 MB/s
[    3.735671] raid6: avx2x2   xor() 25345 MB/s
[    3.785667] raid6: avx2x4   gen() 44052 MB/s
[    3.832337] raid6: avx2x4   xor() 26286 MB/s
[    3.832818] raid6: using algorithm avx2x4 gen() 44052 MB/s
[    3.833375] raid6: .... xor() 26286 MB/s, rmw enabled
[    3.833886] raid6: using avx2x2 recovery algorithm
[    3.835309] xor: automatically using best checksumming function   avx       
[    3.836978] async_tx: api initialized (async)
done.
Begin: Running /scripts/init-premount ... done.
Begin: Mounting root file system ... Begin: Running /scripts/local-top ... done.
Begin: Running /scripts/local-premount ... [    3.866755] Btrfs loaded, crc32c=crc32c-intel
Scanning for Btrfs filesystems
done.
Warning: fsck not present, so skipping root file system
[    3.892210] EXT4-fs (sda1): mounted filesystem with ordered data mode. Opts: (null)
done.
Begin: Running /scripts/local-bottom ... done.
Begin: Running /scripts/init-bottom ... done.
[    4.172472] ip_tables: (C) 2000-2006 Netfilter Core Team
[    4.182850] systemd[1]: systemd 237 running in system mode. (+PAM +AUDIT +SELINUX +IMA +APPARMOR +SMACK +SYSVINIT +UTMP +LIBCRYPTSETUP +GCRYPT +GNUTLS +ACL +XZ +LZ4 +SECCOMP +BLKID +ELFUTILS +KMOD -IDN2 +IDN -PCRE2 default-hierarchy=hybrid)
[    4.185053] systemd[1]: Detected virtualization oracle.
[    4.185635] systemd[1]: Detected architecture x86-64.

Welcome to [1mUbuntu 18.04.3 LTS[0m!

[    4.189566] systemd[1]: Set hostname to <ubuntu>.
[    4.193119] systemd[1]: Initializing machine ID from random generator.
[    4.193877] systemd[1]: Installed transient /etc/machine-id file.
[    4.517538] systemd[1]: Created slice System Slice.
[[0;32m  OK  [0m] Created slice System Slice.
[    4.520307] systemd[1]: Listening on udev Control Socket.
[[0;32m  OK  [0m] Listening on udev Control Socket.
[    4.688985] systemd[1]: Reached target User and Group Name Lookups.
[[0;32m  OK  [0m] Reached target User and Group Name Lookups.
[    4.694808] systemd[1]: Listening on Journal Socket.
[[0;32m  OK  [0m] Listening on Journal Socket.
[[0;32m  OK  [0m] Listening on /dev/initctl Compatibility Named Pipe.
         Starting Create list of required stâ€¦ce nodes for the current kernel...
[[0;32m  OK  [0m] Listening on LVM2 poll daemon socket.
[[0;32m  OK  [0m] Created slice User and Session Slice.
[[0;32m  OK  [0m] Reached target Swap.
[[0;32m  OK  [0m] Started Forward Password Requests to Wall Directory Watch.
[[0;32m  OK  [0m] Created slice system-serial\x2dgetty.slice.
[[0;32m  OK  [0m] Listening on Journal Socket (/dev/log).
         Starting Remount Root and Kernel File Systems...
[[0;32m  OK  [0m] Listening on Syslog Socket.
         Starting Uncomplicated firewall...
[[0;32m  OK  [0m] Reached target System Time Synchronized.
         Mounting Kernel Debug File System...
[[0;32m  OK  [0m] Listening on Network Service Netlink Socket.
[[0;32m  OK  [0m] Listening on Device-mapper event daemon FIFOs.
         Mounting POSIX Message Queue File System...
[[0;32m  OK  [0m] Listening on LVM2 metadata daemon socket.
         Starting Monitoring of LVM2 mirrorsâ€¦ng dmeventd or progress polling...
[[0;32m  OK  [0m] Set up automount Arbitrary Executabâ€¦rmats File System Automount Point.
[    4.751978] EXT4-fs (sda1): re-mounted. Opts: (null)
[[0;32m  OK  [0m] Listening on Journal Audit Socket.
[[0;32m  OK  [0m] Reached target Slices.
         Starting Journal Service...
         Starting Load Kernel Modules...
         Starting Set the console keyboard layout...
[[0;32m  OK  [0m] Listening on udev Kernel Socket.
         Starting udev Coldplug all Devices...
         Mounting Huge Pages File System...
[[0;32m  OK  [0m] Started Create list of required staâ€¦vice nodes for the current kernel.
[[0;32m  OK  [0m] Started Remount Root and Kernel File Systems.
[[0;32m  OK  [0m] Started Uncomplicated firewall.
[[0;32m  OK  [0m] Mounted Kernel Debug File System.
[[0;32m  OK  [0m] Mounted POSIX Message Queue File System.
[[0;32m  OK  [0m] Mounted Huge Pages File System.
[[0;32m  OK  [0m] Started LVM2 metadata daemon.
[    4.922873] Loading iSCSI transport class v2.0-870.
[    4.928495] iscsi: registered transport (tcp)
[    4.944315] iscsi: registered transport (iser)
         Starting Load/Save Random Seed...
         Starting Create Static Device Nodes in /dev...
[[0;32m  OK  [0m] Started Journal Service.
[[0;32m  OK  [0m] Started Load Kernel Modules.
         Starting Apply Kernel Variables...
         Mounting FUSE Control File System...
         Mounting Kernel Configuration File System...
         Starting Flush Journal to Persistent Storage...
[[0;32m  OK  [0m] Mounted FUSE Control File System.
[[0;32m  OK  [0m] Mounted Kernel Configuration File System.
[[0;32m  OK  [0m] Started Monitoring of LVM2 mirrors,â€¦sing dmeventd or progress polling.
[[0;32m  OK  [0m] Started Load/Save Random Seed.
[[0;32m  OK  [0m] Started udev Coldplug all Devices.
[[0;32m  OK  [0m] Started Apply Kernel Variables.
[[0;32m  OK  [0m] Started Create Static Device Nodes in /dev.
         Starting udev Kernel Device Manager...
[[0;32m  OK  [0m] Started Flush Journal to Persistent Storage.
[[0;32m  OK  [0m] Started udev Kernel Device Manager.
[[0;32m  OK  [0m] Found device /dev/ttyS0.
[[0;32m  OK  [0m] Listening on Load/Save RF Kill Switch Status /dev/rfkill Watch.
[[0;32m  OK  [0m] Started Set the console keyboard layout.
[[0;32m  OK  [0m] Reached target Local File Systems (Pre).
[[0;32m  OK  [0m] Reached target Local File Systems.
         Starting ebtables ruleset management...
         Starting AppArmor initialization...
         Starting Create Volatile Files and Directories...
         Starting Tell Plymouth To Write Out Runtime Data...
         Starting Commit a transient machine-id on disk...
         Starting Set console font and keymap...
[[0;32m  OK  [0m] Started Dispatch Password Requests to Console Directory Watch.
[[0;32m  OK  [0m] Reached target Local Encrypted Volumes.
[[0;32m  OK  [0m] Started Tell Plymouth To Write Out Runtime Data.
[[0;32m  OK  [0m] Started Set console font and keymap.
[[0;32m  OK  [0m] Started Create Volatile Files and Directories.
         Starting Update UTMP about System Boot/Shutdown...
[[0;32m  OK  [0m] Started Update UTMP about System Boot/Shutdown.
[[0;32m  OK  [0m] Started Commit a transient machine-id on disk.
[[0;32m  OK  [0m] Started ebtables ruleset management.
[[0;32m  OK  [0m] Started AppArmor initialization.
         Starting Initial cloud-init job (pre-networking)...
[    7.258770] cloud-init[681]: Cloud-init v. 19.2-24-ge7881d5c-0ubuntu1~18.04.1 running 'init-local' at Sat, 16 Nov 2019 18:28:36 +0000. Up 6.82 seconds.
[[0;32m  OK  [0m] Started Initial cloud-init job (pre-networking).
[[0;32m  OK  [0m] Reached target Network (Pre).
         Starting Network Service...
[[0;32m  OK  [0m] Started Network Service.
         Starting Wait for Network to be Configured...
         Starting Network Name Resolution...
[[0;32m  OK  [0m] Started Network Name Resolution.
[[0;32m  OK  [0m] Reached target Network.
[[0;32m  OK  [0m] Reached target Host and Network Name Lookups.
[[0;32m  OK  [0m] Started Wait for Network to be Configured.
         Starting Initial cloud-init job (metadata service crawler)...
[    9.429587] cloud-init[795]: Cloud-init v. 19.2-24-ge7881d5c-0ubuntu1~18.04.1 running 'init' at Sat, 16 Nov 2019 18:28:39 +0000. Up 9.34 seconds.
[    9.430462] cloud-init[795]: ci-info: ++++++++++++++++++++++++++++++++++++++Net device info+++++++++++++++++++++++++++++++++++++++
[    9.431357] cloud-init[795]: ci-info: +--------+-------+----------------------------+---------------+--------+-------------------+
[    9.432253] cloud-init[795]: ci-info: | Device |   Up  |          Address           |      Mask     | Scope  |     Hw-Address    |
[    9.433140] cloud-init[795]: ci-info: +--------+-------+----------------------------+---------------+--------+-------------------+
[    9.434033] cloud-init[795]: ci-info: | enp0s3 |  True |         10.0.2.15          | 255.255.255.0 | global | 02:ab:ce:93:e0:e3 |
[    9.434873] cloud-init[795]: ci-info: | enp0s3 |  True | fe80::ab:ceff:fe93:e0e3/64 |       .       |  link  | 02:ab:ce:93:e0:e3 |
[    9.435765] cloud-init[795]: ci-info: | enp0s8 | False |             .              |       .       |   .    | 08:00:27:a6:10:c2 |
[    9.436730] cloud-init[795]: ci-info: |   lo   |  True |         127.0.0.1          |   255.0.0.0   |  host  |         .         |
[    9.437590] cloud-init[795]: ci-info: |   lo   |  True |          ::1/128           |       .       |  host  |         .         |
[    9.438392] cloud-init[795]: ci-info: +--------+-------+----------------------------+---------------+--------+-------------------+
[    9.439444] cloud-init[795]: ci-info: ++++++++++++++++++++++++++++Route IPv4 info+++++++++++++++++++++++++++++
[    9.452264] cloud-init[795]: ci-info: +-------+-------------+----------+-----------------+-----------+-------+
[    9.453076] cloud-init[795]: ci-info: | Route | Destination | Gateway  |     Genmask     | Interface | Flags |
[    9.453823] cloud-init[795]: ci-info: +-------+-------------+----------+-----------------+-----------+-------+
[    9.454571] cloud-init[795]: ci-info: |   0   |   0.0.0.0   | 10.0.2.2 |     0.0.0.0     |   enp0s3  |   UG  |
[    9.455498] cloud-init[795]: ci-info: |   1   |   10.0.2.0  | 0.0.0.0  |  255.255.255.0  |   enp0s3  |   U   |
[    9.456184] cloud-init[795]: ci-info: |   2   |   10.0.2.2  | 0.0.0.0  | 255.255.255.255 |   enp0s3  |   UH  |
[    9.457164] cloud-init[795]: ci-info: +-------+-------------+----------+-----------------+-----------+-------+
[    9.458168] cloud-init[795]: ci-info: +++++++++++++++++++Route IPv6 info+++++++++++++++++++
[    9.458857] cloud-init[795]: ci-info: +-------+-------------+---------+-----------+-------+
[    9.459508] cloud-init[795]: ci-info: | Route | Destination | Gateway | Interface | Flags |
[    9.460289] cloud-init[795]: ci-info: +-------+-------------+---------+-----------+-------+
[    9.472195] cloud-init[795]: ci-info: |   1   |  fe80::/64  |    ::   |   enp0s3  |   U   |
[    9.472865] cloud-init[795]: ci-info: |   3   |    local    |    ::   |   enp0s3  |   U   |
[    9.484420] cloud-init[795]: ci-info: |   4   |   ff00::/8  |    ::   |   enp0s3  |   U   |
[    9.484966] cloud-init[795]: ci-info: +-------+-------------+---------+-----------+-------+
[   11.565931] cloud-init[795]: Generating public/private rsa key pair.
[   11.566388] cloud-init[795]: Your identification has been saved in /etc/ssh/ssh_host_rsa_key.
[   11.566911] cloud-init[795]: Your public key has been saved in /etc/ssh/ssh_host_rsa_key.pub.
[   11.576615] cloud-init[795]: The key fingerprint is:
[   11.576963] cloud-init[795]: SHA256:81v/YbJ36M8L3J2hDVyUtgDPRC7lAFLptGfvTItUYzA root@ubuntu-bionic
[   11.577636] cloud-init[795]: The key's randomart image is:
[   11.578025] cloud-init[795]: +---[RSA 2048]----+
[   11.578371] cloud-init[795]: |       ..oooo+ ..|
[   11.578685] cloud-init[795]: |        .o EO..o |
[   11.579014] cloud-init[795]: |        o ..o=o..|
[   11.579362] cloud-init[795]: |         o oo+.. |
[   11.579708] cloud-init[795]: |        S o +o.. |
[   11.580100] cloud-init[795]: |         o ..o= +|
[   11.580413] cloud-init[795]: |          o *=.B.|
[   11.580767] cloud-init[795]: |           + =*oo|
[   11.581145] cloud-init[795]: |          .  o++*|
[   11.581463] cloud-init[795]: +----[SHA256]-----+
[   11.581822] cloud-init[795]: Generating public/private dsa key pair.
[   11.582299] cloud-init[795]: Your identification has been saved in /etc/ssh/ssh_host_dsa_key.
[   11.582906] cloud-init[795]: Your public key has been saved in /etc/ssh/ssh_host_dsa_key.pub.
[   11.583518] cloud-init[795]: The key fingerprint is:
[   11.583895] cloud-init[795]: SHA256:x94dVlDsFl1LWLo6KOM0xraEWduDsoQ3s/x+ZIITfFA root@ubuntu-bionic
[   11.584545] cloud-init[795]: The key's randomart image is:
[   11.584948] cloud-init[795]: +---[DSA 1024]----+
[   11.585276] cloud-init[795]: |      .E      +==|
[   11.585629] cloud-init[795]: |     .       .oo+|
[   11.585950] cloud-init[795]: |    . .      . oo|
[   11.586307] cloud-init[795]: |     o . .    ..o|
[   11.586689] cloud-init[795]: |      +.S o  .o. |
[   11.587053] cloud-init[795]: |    .o=.+=...o . |
[   11.587382] cloud-init[795]: |   . O.%++.o. .  |
[   11.587767] cloud-init[795]: |    + % =.. .    |
[   11.588098] cloud-init[795]: |     +o=.        |
[   11.588469] cloud-init[795]: +----[SHA256]-----+
[   11.588828] cloud-init[795]: Generating public/private ecdsa key pair.
[   11.589599] cloud-init[795]: Your identification has been saved in /etc/ssh/ssh_host_ecdsa_key.
[   11.590279] cloud-init[795]: Your public key has been saved in /etc/ssh/ssh_host_ecdsa_key.pub.
[   11.590956] cloud-init[795]: The key fingerprint is:
[   11.591324] cloud-init[795]: SHA256:lP8/qcSX5t2UN0woGL5wz21wf178QnIkxvmESRuFEsA root@ubuntu-bionic
[   11.591932] cloud-init[795]: The key's randomart image is:
[   11.592332] cloud-init[795]: +---[ECDSA 256]---+
[   11.592666] cloud-init[795]: |       ..... o.  |
[   11.593048] cloud-init[795]: |        E.. +    |
[   11.593388] cloud-init[795]: |        o. + *   |
[   11.593752] cloud-init[795]: |       ...o O +  |
[   11.594080] cloud-init[795]: |       .S+.+ B . |
[   11.594406] cloud-init[795]: |        o +o* Bo.|
[   11.594763] cloud-init[795]: |         . o+*+**|
[   11.595135] cloud-init[795]: |           ..=++B|
[   11.595495] cloud-init[795]: |            ..oo=|
[   11.595879] cloud-init[795]: +----[SHA256]-----+
[   11.596214] cloud-init[795]: Generating public/private ed25519 key pair.
[   11.596674] cloud-init[795]: Your identification has been saved in /etc/ssh/ssh_host_ed25519_key.
[   11.597312] cloud-init[795]: Your public key has been saved in /etc/ssh/ssh_host_ed25519_key.pub.
[   11.597965] cloud-init[795]: The key fingerprint is:
[   11.598317] cloud-init[795]: SHA256:WYtg7y0L8RgL0j+sk5ejcpTMX7XwqplQeEzMwqd7ITc root@ubuntu-bionic
[   11.598971] cloud-init[795]: The key's randomart image is:
[   11.599374] cloud-init[795]: +--[ED25519 256]--+
[   11.599733] cloud-init[795]: |                 |
[   11.600096] cloud-init[795]: |   . o           |
[   11.600461] cloud-init[795]: |    o B   .      |
[   11.600833] cloud-init[795]: |   . O o.+..     |
[   11.601198] cloud-init[795]: |  .o*.E S+..     |
[   11.601563] cloud-init[795]: |   .=X X..o      |
[   11.601927] cloud-init[795]: |   .ooOo+..      |
[   11.602292] cloud-init[795]: |  . ++==.o       |
[   11.602674] cloud-init[795]: |   oo++o.        |
[   11.602971] cloud-init[795]: +----[SHA256]-----+
[[0;32m  OK  [0m] Started Initial cloud-init job (metadata service crawler).
[[0;32m  OK  [0m] Reached target Cloud-config availability.
[[0;32m  OK  [0m] Reached target System Initialization.
[[0;32m  OK  [0m] Started Message of the Day.
[[0;32m  OK  [0m] Listening on D-Bus System Message Bus Socket.
[[0;32m  OK  [0m] Started Daily apt download activities.
[[0;32m  OK  [0m] Started Daily apt upgrade and clean activities.
[[0;32m  OK  [0m] Started Discard unused blocks once a week.
[[0;32m  OK  [0m] Listening on Open-iSCSI iscsid Socket.
[[0;32m  OK  [0m] Listening on UUID daemon activation socket.
         Starting LXD - unix socket.
[[0;32m  OK  [0m] Started Daily Cleanup of Temporary Directories.
[[0;32m  OK  [0m] Reached target Timers.
[[0;32m  OK  [0m] Listening on ACPID Listen Socket.
         Starting Socket activation for snappy daemon.
[[0;32m  OK  [0m] Started ACPI Events Check.
[[0;32m  OK  [0m] Reached target Paths.
[[0;32m  OK  [0m] Reached target Network is Online.
         Starting Availability of block devices...
[[0;32m  OK  [0m] Reached target Remote File Systems (Pre).
[[0;32m  OK  [0m] Reached target Remote File Systems.
[[0;32m  OK  [0m] Listening on LXD - unix socket.
[[0;32m  OK  [0m] Listening on Socket activation for snappy daemon.
[[0;32m  OK  [0m] Reached target Sockets.
[[0;32m  OK  [0m] Reached target Basic System.
         Starting Permit User Sessions...
         Starting LSB: Record successful boot for GRUB...
[[0;32m  OK  [0m] Started FUSE filesystem for LXC.
         Starting Dispatcher daemon for systemd-networkd...
[[0;32m  OK  [0m] Started Deferred execution scheduler.
         Starting System Logging Service...
         Starting Snappy daemon...
         Starting Login Service...
         Starting LSB: automatic crash report generation...
[[0;32m  OK  [0m] Started irqbalance daemon.
[[0;32m  OK  [0m] Started Regular background program processing daemon.
[[0;32m  OK  [0m] Started D-Bus System Message Bus.
[[0;32m  OK  [0m] Started Login Service.
[[0;32m  OK  [0m] Started Unattended Upgrades Shutdown.
         Starting Virtualbox guest utils...
         Starting Accounts Service...
         Starting Pollinate to seed the pseudo random number generator...
         Starting LXD - container startup/shutdown...
[[0;32m  OK  [0m] Started System Logging Service.
[[0;32m  OK  [0m] Started Availability of block devices.
[[0;32m  OK  [0m] Started Permit User Sessions.
         Starting Hold until boot process finishes up...
         Starting Terminate Plymouth Boot Screen...
[[0;32m  OK  [0m] Started Hold until boot process finishes up.
         Starting Set console scheme...
[[0;32m  OK  [0m] Started Serial Getty on ttyS0.
[[0;32m  OK  [0m] Started Terminate Plymouth Boot Screen.
[[0;32m  OK  [0m] Started Set console scheme.
[[0;32m  OK  [0m] Created slice system-getty.slice.
[[0;32m  OK  [0m] Started Getty on tty1.
[[0;32m  OK  [0m] Reached target Login Prompts.
         Starting Authorization Manager...
[[0;32m  OK  [0m] Started LSB: Record successful boot for GRUB.
[[0;32m  OK  [0m] Started LSB: automatic crash report generation.
[[0;32m  OK  [0m] Started Authorization Manager.
[[0;32m  OK  [0m] Started Accounts Service.
[[0;32m  OK  [0m] Started Virtualbox guest utils.
[[0;32m  OK  [0m] Started LXD - container startup/shutdown.
[[0;32m  OK  [0m] Started Dispatcher daemon for systemd-networkd.
[[0;32m  OK  [0m] Started Snappy daemon.
         Starting Wait until snapd is fully seeded...
[[0;32m  OK  [0m] Started Pollinate to seed the pseudo random number generator.
         Starting OpenBSD Secure Shell server...
[[0;32m  OK  [0m] Started OpenBSD Secure Shell server.
[[0;32m  OK  [0m] Created slice User Slice of vagrant.
         Starting User Manager for UID 1000...
[[0;32m  OK  [0m] Started Session 1 of user vagrant.
[[0;32m  OK  [0m] Started User Manager for UID 1000.
[[0;32m  OK  [0m] Started Wait until snapd is fully seeded.
         Starting Apply the settings specified in cloud-config...
[[0;32m  OK  [0m] Reached target Multi-User System.
[[0;32m  OK  [0m] Reached target Graphical Interface.
         Starting Update UTMP about System Runlevel Changes...
[[0;32m  OK  [0m] Started Update UTMP about System Runlevel Changes.
         Stopping User Manager for UID 1000...
[[0;32m  OK  [0m] Stopped User Manager for UID 1000.
[[0;32m  OK  [0m] Removed slice User Slice of vagrant.
[[0;32m  OK  [0m] Created slice User Slice of vagrant.
         Starting User Manager for UID 1000...
[[0;32m  OK  [0m] Started Session 3 of user vagrant.
[[0;32m  OK  [0m] Started User Manager for UID 1000.
[   16.309348] cloud-init[1526]: Cloud-init v. 19.2-24-ge7881d5c-0ubuntu1~18.04.1 running 'modules:config' at Sat, 16 Nov 2019 18:28:45 +0000. Up 15.79 seconds.
[[0;32m  OK  [0m] Started Apply the settings specified in cloud-config.
         Starting Execute cloud user/final scripts...
ci-info: no authorized ssh keys fingerprints found for user ubuntu.
<14>Nov 16 18:28:46 ec2: 
<14>Nov 16 18:28:46 ec2: #############################################################
<14>Nov 16 18:28:46 ec2: -----BEGIN SSH HOST KEY FINGERPRINTS-----
<14>Nov 16 18:28:46 ec2: 1024 SHA256:x94dVlDsFl1LWLo6KOM0xraEWduDsoQ3s/x+ZIITfFA root@ubuntu-bionic (DSA)
<14>Nov 16 18:28:46 ec2: 256 SHA256:lP8/qcSX5t2UN0woGL5wz21wf178QnIkxvmESRuFEsA root@ubuntu-bionic (ECDSA)
<14>Nov 16 18:28:46 ec2: 256 SHA256:WYtg7y0L8RgL0j+sk5ejcpTMX7XwqplQeEzMwqd7ITc root@ubuntu-bionic (ED25519)
<14>Nov 16 18:28:46 ec2: 2048 SHA256:81v/YbJ36M8L3J2hDVyUtgDPRC7lAFLptGfvTItUYzA root@ubuntu-bionic (RSA)
<14>Nov 16 18:28:46 ec2: -----END SSH HOST KEY FINGERPRINTS-----
<14>Nov 16 18:28:46 ec2: #############################################################
-----BEGIN SSH HOST KEY KEYS-----
ecdsa-sha2-nistp256 AAAAE2VjZHNhLXNoYTItbmlzdHAyNTYAAAAIbmlzdHAyNTYAAABBBMg4/DT1ac0UCBs8HTc2aIaOjy1Hy581YZ6OQpQh37FZmo9OGefOp+MVssg4b3vD2K3buEipiPuNJU2FRmiX9QM= root@ubuntu-bionic
ssh-ed25519 AAAAC3NzaC1lZDI1NTE5AAAAIC4tN70hxmmY9D8C1v6qYbCbY2U3sWk9wd8fNALCfocM root@ubuntu-bionic
ssh-rsa AAAAB3NzaC1yc2EAAAADAQABAAABAQDVdcxja2LE2x+FLGDxmnqm1fYMdiIm6DZTTXwuq9xzPW7apYgMN+c0e2OmiyWHRV0TwanCHyH9yeuznYxoqMQahYcE2kfFyAetv3zPMSViLG6/vSp6JhS3ZaTR/aaG4q/kqFlRmD2FHM2DMrtjn8I99OOc+m86rGzv1YYOeO0RmXZz3jF9KF5Q9MEG9q+F1dP9GVd+scMtepwI9U3+lWkPdXRQl8yUnEK4OdqbIGiwpGrLHXOjUIiE05eJqtHU+DKXchgJtuOdNkP7KMSyjQMxTMTE0JF6tqBMAaRXXGLa8UFR25m00okLs4i7fjBRkr2aGdBl1hK3sTmiifegV4Pt root@ubuntu-bionic
-----END SSH HOST KEY KEYS-----
[   16.692333] cloud-init[1694]: Cloud-init v. 19.2-24-ge7881d5c-0ubuntu1~18.04.1 running 'modules:final' at Sat, 16 Nov 2019 18:28:46 +0000. Up 16.58 seconds.
[   16.693338] cloud-init[1694]: ci-info: no authorized ssh keys fingerprints found for user ubuntu.
[   16.694025] cloud-init[1694]: Cloud-init v. 19.2-24-ge7881d5c-0ubuntu1~18.04.1 finished at Sat, 16 Nov 2019 18:28:46 +0000. Datasource DataSourceNoCloud [seed=/dev/sdb][dsmode=net].  Up 16.68 seconds
[[0;32m  OK  [0m] Started Execute cloud user/final scripts.
[[0;32m  OK  [0m] Reached target Cloud-init target.

Ubuntu 18.04.3 LTS ubuntu-bionic ttyS0

ubuntu-bionic login: 